  /nix/store/rfk9gqxm2ryz81dp52gzliqv6c9lwvfb-unit-nora.service.drv
  /nix/store/mcykbk3zl9x7l4505rwkdkgx9cv8qhvn-system-manager-units.drv
  /nix/store/75112aa9xsbbpdzxkqna1dqnh6kqj3z5-systemd-system-etc-link.drv
  /nix/store/pijawwzzj7ah0ps70l3lzcda5ld4zcv0-etc-static-env.drv
  /nix/store/4g82bri1d1x03yd1w1mkfl4yy3a819qw-etcFiles.drv
  /nix/store/7rl5ykxxc97zmsvsv98w103z1ilflgjx-services.drv
  /nix/store/1q59w5bpsd8nwqamy264syf9w3qcyaw9-system-manager.drv
building '/nix/store/31lpmsmq6dl9f9n4w4zi2l36hk56l5ni-nora-workspace-0.9.2.drv'...
building '/nix/store/9ljknzlzycvgqnvbn9fisw04bd2ri56w-nora-0.9.2.drv'...
building '/nix/store/9229kbf5aibh83fp0q8zbhij6qaqxs8i-system-manager-path.drv'...
building '/nix/store/rfk9gqxm2ryz81dp52gzliqv6c9lwvfb-unit-nora.service.drv'...
building '/nix/store/zsbr3mfibmv7xzmgrpyhm0djvh1gak36-unit-script-system-manager-path-start.drv'...
building '/nix/store/k1zrr484wli85lwhrlshxs22mflqf3xx-unit-system-manager-path.service.drv'...
building '/nix/store/7rl5ykxxc97zmsvsv98w103z1ilflgjx-services.drv'...
building '/nix/store/mcykbk3zl9x7l4505rwkdkgx9cv8qhvn-system-manager-units.drv'...
building '/nix/store/75112aa9xsbbpdzxkqna1dqnh6kqj3z5-systemd-system-etc-link.drv'...
building '/nix/store/pijawwzzj7ah0ps70l3lzcda5ld4zcv0-etc-static-env.drv'...
building '/nix/store/4g82bri1d1x03yd1w1mkfl4yy3a819qw-etcFiles.drv'...
building '/nix/store/1q59w5bpsd8nwqamy264syf9w3qcyaw9-system-manager.drv'...
/nix/store/hxyazwh2bchb42wpy3in723nzfsqdvdv-system-manager

[exit code: 0]
