
[timeout after 600000ms]

[exit code: null]
Cloning into '/mnt/data1/time-2026/05-may/31/root/dasl/lang/multicodec'...
Cloning into '/mnt/data1/time-2026/05-may/31/root/dasl/lang/python-libipld'...
Cloning into '/mnt/data1/time-2026/05-may/31/root/dasl/lang/python-libipld-meta'...
Cloning into '/mnt/data1/time-2026/05-may/31/root/dasl/lang/zcbor'...
Cloning into '/mnt/data1/time-2026/05-may/31/root/dasl/rust/example/hongfuzz'...
done.
Cloning into '/mnt/data1/time-2026/05-may/31/root/dasl/rust/fedimint'...
Cloning into '/mnt/data1/time-2026/05-may/31/root/dasl/rust/honggfuzz-rs'...
Cloning into '/mnt/data1/time-2026/05-may/31/root/dasl/rust/ipld-core'...
Cloning into '/mnt/data1/time-2026/05-may/31/root/dasl/rust/n0_dasl'...
Cloning into '/mnt/data1/time-2026/05-may/31/root/dasl/rust/serde_ipld_dagcbor'...
Cloning into '/mnt/data1/time-2026/05-may/31/root/dasl/rust/serde_ipld_dagcbor-escaped'...
Cloning into '/mnt/data1/time-2026/05-may/31/root/dasl/spec/ipld'...
Cloning into '/mnt/data1/time-2026/05-may/31/root/dasl/spec/multibase'...
Cloning into '/mnt/data1/time-2026/05-may/31/root/dasl/spec/specs'...
Cloning into '/mnt/data1/time-2026/05-may/31/root/dasl/test-build'...
done.
fatal: repository '/home/mdupont/git/dasl.ing/infra' does not exist
fatal: clone of '/home/mdupont/git/dasl.ing/infra' into submodule path '/mnt/data1/time-2026/05-may/31/root/dasl/IMPL/infra' failed
Failed to clone 'IMPL/infra' a second time, aborting
