Building dependency graph from /home/mdupont/projects/cargo2/
Building global dependency graph for Solana universe...
Discovering workspace members via cargo metadata...
Added workspace member: benchsuite v0.0.0
Added workspace member: build-rs v0.3.3
Added workspace member: build-rs-test-lib v0.0.0
Added workspace member: capture v0.1.0
Added workspace member: cargo v0.94.0
Added workspace member: cargo-credential v0.4.9
Added workspace member: cargo-credential-1password v0.4.5
Added workspace member: cargo-credential-libsecret v0.5.4
Added workspace member: cargo-credential-macos-keychain v0.4.19
Added workspace member: cargo-credential-wincred v0.4.19
Added workspace member: cargo-platform v0.3.2
Added workspace member: cargo-test-macro v0.4.8
Added workspace member: cargo-test-support v0.9.1
Added workspace member: cargo-util v0.2.26
Added workspace member: cargo-util-schemas v0.11.0
Added workspace member: crates-io v0.40.16
Added workspace member: home v0.5.12
Added workspace member: mdman v0.0.0
Added workspace member: resolver-tests v0.0.0
Added workspace member: rustfix v0.9.4
Added workspace member: semver-check v0.0.0
Added workspace member: xtask-build-man v0.0.0
Added workspace member: xtask-bump-check v0.0.0
Added workspace member: xtask-lint-docs v0.1.0
Added workspace member: xtask-spellcheck v0.0.0
Added workspace member: xtask-stale-label v0.0.0
Added 26 workspace members via cargo metadata
Analyzing dependencies using cargo-metadata resolve.nodes...
  Total nodes: 558
  Total edges: 1632
  Total nodes: 558
  Total edges: 1632
  SCC count: 0
  Saved to: projects_graphs/cargo2/graph/graph.json
