Building dependency graph from /home/mdupont/projects/forgecode/
Building global dependency graph for Solana universe...
Discovering workspace members via cargo metadata...
Added workspace member: decl-splitter v0.1.0
Added workspace member: forge_api v0.1.0
Added workspace member: forge_app v0.1.0
Added workspace member: forge_ci v0.1.0
Added workspace member: forge_config v0.1.0
Added workspace member: forge_display v0.1.0
Added workspace member: forge_domain v0.1.0
Added workspace member: forge_embed v0.1.0
Added workspace member: forge_eventsource v0.1.0
Added workspace member: forge_eventsource_stream v0.1.0
Added workspace member: forge_fs v0.1.0
Added workspace member: forge_infra v0.1.0
Added workspace member: forge_json_repair v0.1.0
Added workspace member: forge_main v0.1.0
Added workspace member: forge_markdown_stream v0.1.0
Added workspace member: forge_repo v0.1.0
Added workspace member: forge_select v0.1.0
Added workspace member: forge_services v0.1.0
Added workspace member: forge_snaps v0.1.0
Added workspace member: forge_spinner v0.1.0
Added workspace member: forge_stream v0.1.0
Added workspace member: forge_template v0.1.0
Added workspace member: forge_test_kit v0.1.0
Added workspace member: forge_tool_macros v0.1.0
Added workspace member: forge_tracker v0.1.0
Added workspace member: forge_walker v0.1.0
Added 26 workspace members via cargo metadata
Analyzing dependencies using cargo-metadata resolve.nodes...
  Total nodes: 933
  Total edges: 3469
  Total nodes: 933
  Total edges: 3469
  SCC count: 0
  Saved to: projects_graphs/forgecode/graph/graph.json
